= Title

. Some paragraph with http://ya.ru[link]
+
Second paragraph
. Some another paragraph in list

Paragraph out of list

. Some paragraph
+
Second paragraph
+
Third paragraph
. Some another paragraph
