

[#id.r1.r2]
Some paragraph

Some another paragraph
